BL51 BANKED LINKER/LOCATER V6.22                                                        09/25/2011  19:06:33  PAGE 1


BL51 BANKED LINKER/LOCATER V6.22, INVOKED BY:
C:\KEIL\C51\BIN\BL51.EXE .\obj\1602“∫æß∂ØÃ¨œ‘ æ.obj TO .\obj\1602“∫æß∂ØÃ¨œ‘ æ PRINT (.\obj\1602“∫æß∂ØÃ¨œ‘ æ.m51) RAMSIZE
>>  (256)


MEMORY MODEL: SMALL


INPUT MODULES INCLUDED:
  .\obj\1602“∫æß∂ØÃ¨œ‘ æ.obj (1602“∫æß∂_Ã¨œ‘ æ)
  C:\KEIL\C51\LIB\C51S.LIB (?C_STARTUP)
  C:\KEIL\C51\LIB\C51S.LIB (?C?CLDPTR)


LINK MAP OF MODULE:  .\obj\1602“∫æß∂ØÃ¨œ‘ æ (1602“∫æß∂_Ã¨œ‘ æ)


            TYPE    BASE      LENGTH    RELOCATION   SEGMENT NAME
            -----------------------------------------------------

            * * * * * * *   D A T A   M E M O R Y   * * * * * * *
            REG     0000H     0008H     ABSOLUTE     "REG BANK 0"
            DATA    0008H     0004H     UNIT         _DATA_GROUP_
            IDATA   000CH     0001H     UNIT         ?STACK

            * * * * * * *   C O D E   M E M O R Y   * * * * * * *
            CODE    0000H     0003H     ABSOLUTE     
                    0003H     07FDH                  *** GAP ***
            CODE    0800H     004FH     UNIT         ?PR?MAIN?1602“∫æß∂_Ã¨œ‘ æ
            CODE    084FH     0024H     UNIT         ?PR?_LCD_WRITE_STRING?1602“∫æß∂_Ã¨œ‘ æ
            CODE    0873H     0023H     UNIT         ?PR?LCD_INIT?1602“∫æß∂_Ã¨œ‘ æ
            CODE    0896H     001DH     UNIT         ?PR?_LCD_WRITE_COM?1602“∫æß∂_Ã¨œ‘ æ
            CODE    08B3H     0019H     UNIT         ?C?LIB_CODE
            CODE    08CCH     0018H     UNIT         ?PR?_LCD_WRITE_CHAR?1602“∫æß∂_Ã¨œ‘ æ
            CODE    08E4H     0015H     UNIT         ?PR?_DELAYMS?1602“∫æß∂_Ã¨œ‘ æ
            CODE    08F9H     0015H     UNIT         ?CO?1602“∫æß∂_Ã¨œ‘ æ
            CODE    090EH     0011H     UNIT         ?PR?_LCD_WRITE_DATA?1602“∫æß∂_Ã¨œ‘ æ
            CODE    091FH     0010H     UNIT         ?PR?LCD_CHECK_BUSY?1602“∫æß∂_Ã¨œ‘ æ
            CODE    092FH     000CH     UNIT         ?C_C51STARTUP
            CODE    093BH     000AH     UNIT         ?PR?LCD_CLEAR?1602“∫æß∂_Ã¨œ‘ æ
            CODE    0945H     0003H     UNIT         ?PR?_DELAYUS2X?1602“∫æß∂_Ã¨œ‘ æ



OVERLAY MAP OF MODULE:   .\obj\1602“∫æß∂ØÃ¨œ‘ æ (1602“∫æß∂_Ã¨œ‘ æ)


SEGMENT                                          DATA_GROUP 
  +--> CALLED SEGMENT                          START    LENGTH
--------------------------------------------------------------
?C_C51STARTUP                                  -----    -----
  +--> ?PR?MAIN?1602“∫æß∂_Ã¨œ‘ æ

?PR?MAIN?1602“∫æß∂_Ã¨œ‘ æ                      0008H    0004H
  +--> ?PR?LCD_INIT?1602“∫æß∂_Ã¨œ‘ æ
  +--> ?CO?1602“∫æß∂_Ã¨œ‘ æ
  +--> ?PR?LCD_CLEAR?1602“∫æß∂_Ã¨œ‘ æ
  +--> ?PR?_LCD_WRITE_STRING?1602“∫æß∂_Ã¨œ‘ æ
BL51 BANKED LINKER/LOCATER V6.22                                                      09/25/2011  19:06:33  PAGE 2


  +--> ?PR?_LCD_WRITE_CHAR?1602“∫æß∂_Ã¨œ‘ æ
  +--> ?PR?_DELAYMS?1602“∫æß∂_Ã¨œ‘ æ

?PR?LCD_INIT?1602“∫æß∂_Ã¨œ‘ æ                  -----    -----
  +--> ?PR?_LCD_WRITE_COM?1602“∫æß∂_Ã¨œ‘ æ
  +--> ?PR?_DELAYMS?1602“∫æß∂_Ã¨œ‘ æ

?PR?_LCD_WRITE_COM?1602“∫æß∂_Ã¨œ‘ æ            -----    -----
  +--> ?PR?_DELAYMS?1602“∫æß∂_Ã¨œ‘ æ
  +--> ?PR?LCD_CHECK_BUSY?1602“∫æß∂_Ã¨œ‘ æ

?PR?_DELAYMS?1602“∫æß∂_Ã¨œ‘ æ                  -----    -----
  +--> ?PR?_DELAYUS2X?1602“∫æß∂_Ã¨œ‘ æ

?PR?LCD_CLEAR?1602“∫æß∂_Ã¨œ‘ æ                 -----    -----
  +--> ?PR?_LCD_WRITE_COM?1602“∫æß∂_Ã¨œ‘ æ
  +--> ?PR?_DELAYMS?1602“∫æß∂_Ã¨œ‘ æ

?PR?_LCD_WRITE_STRING?1602“∫æß∂_Ã¨œ‘ æ         -----    -----
  +--> ?PR?_LCD_WRITE_COM?1602“∫æß∂_Ã¨œ‘ æ
  +--> ?PR?_LCD_WRITE_DATA?1602“∫æß∂_Ã¨œ‘ æ

?PR?_LCD_WRITE_DATA?1602“∫æß∂_Ã¨œ‘ æ           -----    -----
  +--> ?PR?LCD_CHECK_BUSY?1602“∫æß∂_Ã¨œ‘ æ

?PR?_LCD_WRITE_CHAR?1602“∫æß∂_Ã¨œ‘ æ           -----    -----
  +--> ?PR?_LCD_WRITE_COM?1602“∫æß∂_Ã¨œ‘ æ
  +--> ?PR?_LCD_WRITE_DATA?1602“∫æß∂_Ã¨œ‘ æ



SYMBOL TABLE OF MODULE:  .\obj\1602“∫æß∂ØÃ¨œ‘ æ (1602“∫æß∂_Ã¨œ‘ æ)

  VALUE           TYPE          NAME
  ----------------------------------

  -------         MODULE        1602“∫æß∂_Ã¨œ‘ æ
  C:0000H         SYMBOL        _ICE_DUMMY_
  D:0080H         PUBLIC        P0
  D:0090H         PUBLIC        P1
  D:00A0H         PUBLIC        P2
  D:00B0H         PUBLIC        P3
  D:00A8H         PUBLIC        IE
  B:00A0H.6       PUBLIC        EN
  D:00B8H         PUBLIC        IP
  C:091FH         PUBLIC        LCD_Check_Busy
  C:084FH         PUBLIC        _LCD_Write_String
  C:093BH         PUBLIC        LCD_Clear
  C:090EH         PUBLIC        _LCD_Write_Data
  C:08CCH         PUBLIC        _LCD_Write_Char
  B:00A0H.4       PUBLIC        RS
  C:0800H         PUBLIC        main
  B:00A0H.5       PUBLIC        RW
  C:08E4H         PUBLIC        _DelayMs
  D:0098H         PUBLIC        SCON
  D:0088H         PUBLIC        TCON
  C:08A2H         PUBLIC        _LCD_Write_Com
BL51 BANKED LINKER/LOCATER V6.22                                                      09/25/2011  19:06:33  PAGE 3


  C:0873H         PUBLIC        LCD_Init
  C:0945H         PUBLIC        _DelayUs2x
  D:00C8H         PUBLIC        T2CON
  D:00D0H         PUBLIC        PSW
  -------         PROC          _DELAYUS2X
  D:0007H         SYMBOL        t
  C:0945H         LINE#         35
  C:0945H         LINE#         36
  C:0945H         LINE#         37
  C:0947H         LINE#         38
  -------         ENDPROC       _DELAYUS2X
  -------         PROC          _DELAYMS
  D:0006H         SYMBOL        t
  C:08E4H         LINE#         44
  C:08E6H         LINE#         45
  C:08E6H         LINE#         47
  C:08ECH         LINE#         48
  C:08ECH         LINE#         50
  C:08F1H         LINE#         51
  C:08F6H         LINE#         52
  C:08F8H         LINE#         53
  -------         ENDPROC       _DELAYMS
  -------         PROC          LCD_CHECK_BUSY
  C:091FH         LINE#         57
  C:091FH         LINE#         58
  C:091FH         LINE#         59
  C:0922H         LINE#         60
  C:0924H         LINE#         61
  C:0926H         LINE#         62
  C:0928H         LINE#         63
  C:0929H         LINE#         64
  C:092BH         LINE#         65
  C:092EH         LINE#         66
  -------         ENDPROC       LCD_CHECK_BUSY
  -------         PROC          L?0032
  -------         ENDPROC       L?0032
  -------         PROC          _LCD_WRITE_COM
  D:0007H         SYMBOL        com
  C:08A2H         LINE#         70
  C:08A2H         LINE#         71
  C:08A2H         LINE#         72
  C:08A7H         LINE#         73
  C:08A9H         LINE#         74
  C:08ABH         LINE#         75
  C:08ADH         LINE#         76
  C:08AFH         LINE#         77
  C:08B0H         LINE#         78
  C:08B2H         LINE#         79
  -------         ENDPROC       _LCD_WRITE_COM
  -------         PROC          _LCD_WRITE_DATA
  D:0007H         SYMBOL        Data
  C:090EH         LINE#         83
  C:090EH         LINE#         84
  C:090EH         LINE#         85
  C:0913H         LINE#         86
  C:0915H         LINE#         87
  C:0917H         LINE#         88
BL51 BANKED LINKER/LOCATER V6.22                                                      09/25/2011  19:06:33  PAGE 4


  C:0919H         LINE#         89
  C:091BH         LINE#         90
  C:091CH         LINE#         91
  C:091EH         LINE#         92
  -------         ENDPROC       _LCD_WRITE_DATA
  -------         PROC          LCD_CLEAR
  C:093BH         LINE#         97
  C:093BH         LINE#         98
  C:093BH         LINE#         99
  C:0940H         LINE#         100
  -------         ENDPROC       LCD_CLEAR
  -------         PROC          _LCD_WRITE_STRING
  D:0006H         SYMBOL        x
  D:0005H         SYMBOL        y
  D:0001H         SYMBOL        s
  C:084FH         LINE#         105
  C:0851H         LINE#         106
  C:0851H         LINE#         107
  C:0854H         LINE#         108
  C:0854H         LINE#         109
  C:0857H         LINE#         110
  C:0859H         LINE#         112
  C:0859H         LINE#         113
  C:0860H         LINE#         114
  C:0860H         LINE#         115
  C:0866H         LINE#         116
  C:0866H         LINE#         117
  C:0869H         LINE#         118
  C:0870H         LINE#         119
  C:0872H         LINE#         120
  -------         ENDPROC       _LCD_WRITE_STRING
  -------         PROC          _LCD_WRITE_CHAR
  D:0006H         SYMBOL        x
  D:0005H         SYMBOL        y
  D:0004H         SYMBOL        Data
  C:08CCH         LINE#         124
  C:08D0H         LINE#         125
  C:08D0H         LINE#         126
  C:08D3H         LINE#         127
  C:08D3H         LINE#         128
  C:08D6H         LINE#         129
  C:08D8H         LINE#         131
  C:08D8H         LINE#         132
  C:08DFH         LINE#         133
  C:08DFH         LINE#         134
  -------         ENDPROC       _LCD_WRITE_CHAR
  -------         PROC          LCD_INIT
  C:0873H         LINE#         139
  C:0873H         LINE#         140
  C:0873H         LINE#         141
  C:0873H         LINE#         142
  C:0873H         LINE#         143
  C:0876H         LINE#         144
  C:087BH         LINE#         145
  C:087BH         LINE#         146
  C:087BH         LINE#         147
  C:087EH         LINE#         148
BL51 BANKED LINKER/LOCATER V6.22                                                      09/25/2011  19:06:33  PAGE 5


  C:0883H         LINE#         149
  C:0888H         LINE#         150
  C:088DH         LINE#         151
  C:0891H         LINE#         152
  -------         ENDPROC       LCD_INIT
  -------         PROC          MAIN
  -------         DO            
  D:0008H         SYMBOL        i
  D:0009H         SYMBOL        p
  -------         ENDDO         
  C:0800H         LINE#         158
  C:0800H         LINE#         159
  C:0800H         LINE#         163
  C:0803H         LINE#         165
  C:0803H         LINE#         166
  C:0803H         LINE#         167
  C:0806H         LINE#         168
  C:080FH         LINE#         169
  C:0812H         LINE#         170
  C:081FH         LINE#         171
  C:0821H         LINE#         172
  C:082DH         LINE#         173
  C:082DH         LINE#         174
  C:0834H         LINE#         175
  C:0836H         LINE#         176
  C:0841H         LINE#         177
  C:0846H         LINE#         178
  C:0848H         LINE#         179
  C:084DH         LINE#         180
  -------         ENDPROC       MAIN
  -------         ENDMOD        1602“∫æß∂_Ã¨œ‘ æ

  -------         MODULE        ?C?CLDPTR
  C:08B3H         PUBLIC        ?C?CLDPTR
  -------         ENDMOD        ?C?CLDPTR

******************************************************************************
* RESTRICTED VERSION WITH 0800H BYTE CODE SIZE LIMIT; USED: 0123H BYTE (14%) *
******************************************************************************

Program Size: data=13.0 xdata=0 code=331
LINK/LOCATE RUN COMPLETE.  0 WARNING(S),  0 ERROR(S)
